TWT-1: next_open stop20 trail20 br>40    CAGR   20.9% (IS   11.1 / OOS   36.1)  DD  -24.7%  Sh  1.21  n  164  win 40.9%  PF 2.71 avg 15.4 hold 104.6 exp 78.0%
  stop_pct=15                            CAGR   21.6% (IS    9.2 / OOS   41.0)  DD  -22.9%  Sh  1.20  n  186  win 40.9%  PF 2.7 avg 14.12 hold 90.1 exp 76.2%
  stop_pct=30                            CAGR   19.4% (IS   11.1 / OOS   31.8)  DD  -24.8%  Sh  1.15  n  162  win 40.1%  PF 2.62 avg 14.66 hold 105.9 exp 78.0%
  trail_pct=15                           CAGR    9.6% (IS    8.3 / OOS   10.9)  DD  -42.8%  Sh  0.59  n  399  win 38.1%  PF 1.32 avg 3.33 hold 38.6 exp 70.0%
  trail_pct=25                           CAGR   18.2% (IS   10.3 / OOS   30.0)  DD  -23.3%  Sh  0.99  n  128  win 43.0%  PF 2.68 avg 17.16 hold 138.7 exp 80.7%
  trail_pct=30                           CAGR   15.5% (IS    9.5 / OOS   24.6)  DD  -27.7%  Sh  0.92  n   73  win 46.6%  PF 4.05 avg 30.58 hold 248.5 exp 82.5%
  max_positions=8                        CAGR   26.3% (IS   15.5 / OOS   42.8)  DD  -26.6%  Sh  1.38  n  133  win 42.9%  PF 3.09 avg 18.97 hold 103.5 exp 78.2%
  max_positions=15                       CAGR   14.7% (IS    7.9 / OOS   24.9)  DD  -29.0%  Sh  0.93  n  277  win 39.7%  PF 1.96 avg 9.91 hold 90.6 exp 76.0%
  max_new_per_day=5                      CAGR   19.0% (IS   12.9 / OOS   28.0)  DD  -27.2%  Sh  1.09  n  175  win 40.0%  PF 2.22 avg 13.55 hold 97.4 exp 77.5%
  cost_bps_side=40                       CAGR   20.3% (IS   10.6 / OOS   35.4)  DD  -25.1%  Sh  1.17  n  164  win 40.2%  PF 2.63 avg 15.06 hold 104.6 exp 78.0%
  cost_bps_side=60                       CAGR   19.5% (IS    9.9 / OOS   34.3)  DD  -25.6%  Sh  1.13  n  164  win 39.6%  PF 2.53 avg 14.6 hold 104.6 exp 78.0%
  rank=none                              CAGR   15.8% (IS   12.6 / OOS   20.0)  DD  -30.2%  Sh  0.89  n  221  win 36.7%  PF 1.85 avg 9.12 hold 75.1 exp 75.4%
  rank=rvol                              CAGR   17.2% (IS    6.2 / OOS   34.5)  DD  -31.3%  Sh  1.02  n  208  win 38.0%  PF 2.08 avg 9.0 hold 79.3 exp 75.0%
  rank=change                            CAGR   16.3% (IS   16.0 / OOS   16.6)  DD  -28.2%  Sh  0.92  n  224  win 40.2%  PF 1.83 avg 8.89 hold 71.3 exp 72.6%
  max_weight_pct=10                      CAGR   20.9% (IS   11.1 / OOS   36.1)  DD  -24.7%  Sh  1.21  n  164  win 40.9%  PF 2.71 avg 15.4 hold 104.6 exp 78.0%
  breakeven_r=1.0                        CAGR   18.8% (IS   12.0 / OOS   29.0)  DD  -26.7%  Sh  1.12  n  165  win 40.6%  PF 2.5 avg 13.83 hold 104.3 exp 78.2%
  exit sma50 instead                     CAGR   15.6% (IS    6.2 / OOS   30.1)  DD  -38.3%  Sh  0.86  n  543  win 34.6%  PF 1.68 avg 3.1 hold 27.0 exp 66.8%
  exit ema21 instead                     CAGR    4.7% (IS    4.0 / OOS    5.5)  DD  -39.2%  Sh  0.35  n 1298  win 29.0%  PF 1.12 avg 0.49 hold 10.3 exp 60.9%
  exit hold60 instead                    CAGR   10.8% (IS    6.3 / OOS   17.3)  DD  -33.1%  Sh  0.63  n  297  win 52.5%  PF 1.44 avg 4.27 hold 51.3 exp 69.3%
  trail20 + sma50                        CAGR   14.8% (IS    4.6 / OOS   30.1)  DD  -33.6%  Sh  0.81  n  594  win 34.2%  PF 1.64 avg 2.75 hold 24.7 exp 66.6%
  gate breadth>30                        CAGR   18.6% (IS    9.3 / OOS   33.0)  DD  -30.7%  Sh  1.02  n  199  win 44.7%  PF 2.12 avg 11.23 hold 94.2 exp 85.3%
  gate breadth>35                        CAGR   20.3% (IS   11.8 / OOS   33.2)  DD  -26.1%  Sh  1.12  n  196  win 43.4%  PF 2.31 avg 12.39 hold 91.3 exp 81.4%
  gate breadth>45                        CAGR   13.5% (IS    8.7 / OOS   20.6)  DD  -26.4%  Sh  0.89  n  143  win 45.5%  PF 2.23 avg 12.24 hold 114.7 exp 74.6%
  gate breadth>50                        CAGR   14.4% (IS    6.4 / OOS   26.2)  DD  -34.7%  Sh  0.90  n  152  win 41.4%  PF 2.17 avg 12.18 hold 99.0 exp 68.4%
  no gate                                CAGR   17.2% (IS    9.4 / OOS   28.8)  DD  -42.9%  Sh  0.89  n  245  win 41.6%  PF 1.72 avg 9.43 hold 88.2 exp 98.2%
  entry=stop_level (base high)           CAGR    3.7% (IS   -1.5 / OOS   10.7)  DD  -37.8%  Sh  0.30  n  195  win 33.8%  PF 1.22 avg 3.17 hold 83.3 exp 73.8%
  entry=limit_close                      CAGR   11.6% (IS   12.5 / OOS   10.5)  DD  -28.2%  Sh  0.70  n  174  win 39.7%  PF 1.7 avg 8.78 hold 100.9 exp 79.8%
  + trend filter (close>50&200 SMA)      CAGR   12.3% (IS    4.3 / OOS   24.0)  DD  -28.9%  Sh  0.79  n  166  win 40.4%  PF 1.96 avg 9.03 hold 100.8 exp 76.0%
  entry lookback=10                      CAGR   19.7% (IS   11.4 / OOS   32.1)  DD  -27.3%  Sh  1.09  n  188  win 41.0%  PF 2.29 avg 13.1 hold 89.1 exp 76.1%
  entry lookback=20                      CAGR   15.8% (IS   10.5 / OOS   22.9)  DD  -32.4%  Sh  0.92  n  199  win 40.2%  PF 1.88 avg 10.41 hold 80.4 exp 72.7%
  no liquidity filter (raw entries)      CAGR   19.5% (IS   12.4 / OOS   30.1)  DD  -27.7%  Sh  1.15  n  169  win 41.4%  PF 2.54 avg 13.89 hold 100.1 exp 76.9%
  liquidity >= 5cr                       CAGR   22.5% (IS   13.6 / OOS   35.9)  DD  -26.5%  Sh  1.28  n  169  win 43.2%  PF 2.84 avg 16.06 hold 102.2 exp 78.5%
      return_pct  trades  win_rate    avg_ret
2017         3.0       4       0.0 -15.175056
2018        -2.8      22      40.9   0.753144
2019         3.5       4      25.0  -7.249525
2020        13.0      26      23.1  -2.631164
2021        53.1      12      66.7  61.834318
2022        -3.5      25      40.0   6.898330
2023        66.9      14      50.0  32.169485
2024        62.8      15      66.7  47.168121
2025        -6.2      18      22.2   1.973774
2026        22.9      24      50.0  23.311201
{
 "start": "2017-10-16",
 "end": "2026-09-09",
 "years": 8.9,
 "final_equity": 5413123,
 "total_return_pct": 442.2,
 "cagr_pct": 20.92,
 "max_dd_pct": -24.7,
 "calmar": 0.85,
 "sharpe": 1.21,
 "trades": 164,
 "avg_open_positions": 7.8,
 "exposure_pct": 78.0,
 "win_rate_pct": 40.9,
 "avg_win_pct": 55.57,
 "avg_loss_pct": -12.35,
 "avg_ret_pct": 15.4,
 "median_ret_pct": -5.26,
 "profit_factor": 2.71,
 "avg_r": 0.76,
 "avg_hold": 104.6,
 "best_pct": 333.2,
 "worst_pct": -24.0,
 "is_cagr": 11.1,
 "is_dd": -20.8,
 "oos_cagr": 36.1,
 "oos_dd": -24.7
}
{'stop': 137, 'stop_gap': 15, 'end': 10, 'stop_day0': 2}
{'count': 164.0, 'mean': 15.4, 'std': 53.0, 'min': -24.0, '5%': -19.5, '25%': -15.3, '50%': -5.3, '75%': 17.4, '95%': 141.7, 'max': 333.2}
top10 winners share of gross profit %: 52.7 | top1 %: 10.7
    symbol entry_date  exit_date    ret_pct  hold
INDSWFTLAB 2026-05-08 2026-09-09 177.938242    86
      PGEL 2024-06-06 2024-10-07 112.923848    83
   GMRP&UI 2024-06-05 2024-10-08 113.501474    85
 SHILPAMED 2026-05-29 2026-09-09  93.605092    72
      SBCL 2026-05-07 2026-09-09  85.549540    87
benchmark NIFTY MIDCAP 150: CAGR 15.4%  maxDD -44.2%
benchmark NIFTY 50: CAGR 10.1%  maxDD -38.4%
        1     2     3    4     5     6     7     8     9    10    11   12
2017   NaN   NaN   NaN  NaN   NaN   NaN   NaN   NaN   NaN  NaN   0.2  4.1
2018   0.9  -7.4  -3.2  8.1  -0.4  -2.7   3.8   5.6  -2.7 -1.9  -2.4  0.6
2019   0.3   2.5  -0.4  1.2  -1.8  -0.5  -4.2   1.2  -0.4  3.4   2.2  0.3
2020   0.5  -3.4  -8.8  0.0   0.0  -2.7   3.3   8.5  -2.4 -0.2  11.7  7.6
2021  -0.8  12.2  10.4  7.3  11.0   2.9   7.9   1.5  -3.9 -0.2  -1.9 -1.4
2022  -2.8  -5.9  11.7 -1.1  -9.2  -2.2   1.8   5.7   1.1  3.0   0.3 -4.3
2023  -4.4  -3.9   8.9  8.0   0.7  13.2  12.4  12.6  -2.4 -1.1   5.4  5.2
2024   9.6   7.0   5.3  5.9   0.8   1.5   6.7  11.1  10.3 -8.9   2.0  0.2
2025 -10.4  -0.6   0.9  0.8  -0.1   2.0  -8.2  -3.4   5.5  3.9   0.2  4.2
2026  -0.2   2.9  -9.6  2.2  -0.5   4.0   1.0  20.8   2.6  NaN   NaN  NaN
worst drawdown: -24.7 at 2025-08-29 ; peak 2024-09-26
