entries 26767 liquid 21378 liquid+trend 16514
liquid|next_open/pct|none|hold20                     CAGR   -5.8% (IS  -11.7 / OOS    2.7)  DD  -60.3%  Sh -0.16  n  1290  win 44.3%  PF 0.89 hold 15.5 exp 90.8%
liquid|next_open/pct|none|hold40                     CAGR    6.7% (IS    0.6 / OOS   14.9)  DD  -39.8%  Sh  0.40  n   807  win 40.6%  PF 1.14 hold 25.9 exp 94.8%
liquid|next_open/pct|none|ema21                      CAGR   -1.1% (IS   -3.5 / OOS    2.1)  DD  -58.0%  Sh  0.05  n  1905  win 28.5%  PF 0.98 hold 10.0 exp 86.6%
liquid|next_open/pct|none|sma50                      CAGR   10.2% (IS    1.7 / OOS   23.0)  DD  -43.8%  Sh  0.55  n   885  win 34.4%  PF 1.26 hold 23.3 exp 93.8%
liquid|next_open/pct|none|trail15                    CAGR    2.1% (IS    2.0 / OOS    1.7)  DD  -44.8%  Sh  0.21  n   617  win 34.4%  PF 1.06 hold 34.5 exp 96.9%
liquid|next_open/pct|none|trail20                    CAGR    9.6% (IS   10.5 / OOS    8.3)  DD  -50.9%  Sh  0.56  n   355  win 33.0%  PF 1.35 hold 60.3 exp 97.3%
liquid|next_open/pct|none|chand3                     CAGR   -3.9% (IS  -11.3 / OOS    6.9)  DD  -58.1%  Sh -0.05  n  1292  win 34.5%  PF 0.92 hold 15.9 exp 93.2%
liquid|next_open/pct|br>40|hold20                    CAGR    0.3% (IS   -2.9 / OOS    4.2)  DD  -36.5%  Sh  0.11  n   876  win 44.6%  PF 1.01 hold 15.7 exp 62.4%
liquid|next_open/pct|br>40|hold40                    CAGR    4.9% (IS    1.3 / OOS    9.7)  DD  -37.8%  Sh  0.35  n   564  win 38.7%  PF 1.13 hold 25.7 exp 65.8%
liquid|next_open/pct|br>40|ema21                     CAGR    2.8% (IS    1.9 / OOS    3.8)  DD  -40.4%  Sh  0.25  n  1320  win 28.6%  PF 1.07 hold 10.1 exp 60.7%
liquid|next_open/pct|br>40|sma50                     CAGR   15.0% (IS    5.6 / OOS   29.5)  DD  -37.2%  Sh  0.82  n   596  win 33.1%  PF 1.61 hold 24.5 exp 66.5%
liquid|next_open/pct|br>40|trail15                   CAGR    8.5% (IS    4.2 / OOS   14.2)  DD  -41.1%  Sh  0.55  n   440  win 34.3%  PF 1.33 hold 34.6 exp 69.3%
liquid|next_open/pct|br>40|trail20                   CAGR   17.2% (IS   11.1 / OOS   25.9)  DD  -33.7%  Sh  1.00  n   249  win 31.3%  PF 2.1 hold 66.3 exp 75.1%
liquid|next_open/pct|br>40|chand3                    CAGR    2.4% (IS   -6.0 / OOS   14.9)  DD  -46.3%  Sh  0.22  n   878  win 36.3%  PF 1.07 hold 16.2 exp 64.6%
liquid|stop_level/level|none|hold20                  CAGR   -7.4% (IS  -13.6 / OOS    1.3)  DD  -64.8%  Sh -0.27  n  1231  win 41.8%  PF 0.85 hold 15.3 exp 85.7%
liquid|stop_level/level|none|hold40                  CAGR   -5.3% (IS  -10.6 / OOS    2.1)  DD  -59.3%  Sh -0.15  n   802  win 36.9%  PF 0.88 hold 24.9 exp 90.6%
liquid|stop_level/level|none|ema21                   CAGR   -1.3% (IS   -5.2 / OOS    4.2)  DD  -59.4%  Sh  0.04  n  1228  win 32.1%  PF 0.97 hold 15.4 exp 85.7%
liquid|stop_level/level|none|sma50                   CAGR    1.1% (IS   -4.1 / OOS    8.3)  DD  -52.4%  Sh  0.16  n   687  win 28.8%  PF 1.03 hold 29.1 exp 91.0%
liquid|stop_level/level|none|trail15                 CAGR   -2.5% (IS   -8.7 / OOS    6.3)  DD  -52.3%  Sh -0.03  n   581  win 28.1%  PF 0.92 hold 34.6 exp 91.3%
liquid|stop_level/level|none|trail20                 CAGR    0.8% (IS   -3.5 / OOS    6.6)  DD  -49.0%  Sh  0.14  n   378  win 25.1%  PF 1.03 hold 54.4 exp 93.4%
liquid|stop_level/level|none|chand3                  CAGR   -8.5% (IS  -13.0 / OOS   -1.9)  DD  -67.3%  Sh -0.31  n  1229  win 32.5%  PF 0.83 hold 15.3 exp 85.7%
liquid|stop_level/level|br>40|hold20                 CAGR   -1.9% (IS   -5.8 / OOS    3.3)  DD  -45.1%  Sh -0.02  n   885  win 45.2%  PF 0.96 hold 15.5 exp 62.2%
liquid|stop_level/level|br>40|hold40                 CAGR    0.2% (IS   -2.8 / OOS    3.6)  DD  -46.5%  Sh  0.10  n   563  win 39.1%  PF 1.0 hold 25.8 exp 66.0%
liquid|stop_level/level|br>40|ema21                  CAGR    6.2% (IS    3.2 / OOS   10.4)  DD  -41.3%  Sh  0.43  n   876  win 35.3%  PF 1.16 hold 16.0 exp 63.6%
liquid|stop_level/level|br>40|sma50                  CAGR    8.8% (IS    1.7 / OOS   18.9)  DD  -47.5%  Sh  0.56  n   475  win 33.1%  PF 1.35 hold 31.6 exp 68.2%
liquid|stop_level/level|br>40|trail15                CAGR    1.7% (IS   -2.7 / OOS    7.6)  DD  -41.7%  Sh  0.18  n   426  win 29.1%  PF 1.06 hold 35.8 exp 69.2%
liquid|stop_level/level|br>40|trail20                CAGR    5.2% (IS   -3.4 / OOS   18.0)  DD  -40.3%  Sh  0.39  n   266  win 25.6%  PF 1.32 hold 59.6 exp 72.0%
liquid|stop_level/level|br>40|chand3                 CAGR    2.8% (IS    0.8 / OOS    5.6)  DD  -48.5%  Sh  0.25  n   882  win 36.4%  PF 1.07 hold 16.0 exp 64.1%
liquid|stop_level/pct|none|hold20                    CAGR   -6.6% (IS  -12.3 / OOS    1.4)  DD  -62.7%  Sh -0.22  n  1224  win 42.3%  PF 0.87 hold 15.4 exp 86.0%
liquid|stop_level/pct|none|hold40                    CAGR   -5.4% (IS  -11.8 / OOS    3.9)  DD  -61.4%  Sh -0.16  n   792  win 37.5%  PF 0.87 hold 25.2 exp 90.7%
liquid|stop_level/pct|none|ema21                     CAGR   -1.5% (IS   -5.3 / OOS    3.9)  DD  -59.5%  Sh  0.03  n  1228  win 32.2%  PF 0.97 hold 15.4 exp 85.8%
liquid|stop_level/pct|none|sma50                     CAGR    1.5% (IS   -4.0 / OOS    9.2)  DD  -52.1%  Sh  0.18  n   684  win 29.1%  PF 1.04 hold 29.2 exp 90.9%
liquid|stop_level/pct|none|trail15                   CAGR   -2.2% (IS   -9.2 / OOS    8.0)  DD  -53.1%  Sh -0.02  n   555  win 28.6%  PF 0.93 hold 36.3 exp 91.5%
liquid|stop_level/pct|none|trail20                   CAGR   -2.9% (IS   -4.2 / OOS   -1.5)  DD  -52.3%  Sh -0.05  n   388  win 25.0%  PF 0.89 hold 53.1 exp 93.6%
liquid|stop_level/pct|none|chand3                    CAGR   -8.7% (IS  -12.5 / OOS   -3.2)  DD  -67.6%  Sh -0.32  n  1226  win 32.3%  PF 0.83 hold 15.4 exp 85.9%
liquid|stop_level/pct|br>40|hold20                   CAGR   -4.1% (IS   -6.7 / OOS   -1.0)  DD  -50.0%  Sh -0.14  n   884  win 43.8%  PF 0.91 hold 15.6 exp 62.5%
liquid|stop_level/pct|br>40|hold40                   CAGR    0.1% (IS   -2.6 / OOS    3.3)  DD  -46.7%  Sh  0.10  n   556  win 39.2%  PF 1.0 hold 26.1 exp 66.0%
liquid|stop_level/pct|br>40|ema21                    CAGR    6.1% (IS    3.2 / OOS   10.2)  DD  -41.5%  Sh  0.42  n   876  win 35.4%  PF 1.16 hold 16.0 exp 63.7%
liquid|stop_level/pct|br>40|sma50                    CAGR    8.1% (IS    1.8 / OOS   16.9)  DD  -47.1%  Sh  0.52  n   474  win 33.1%  PF 1.31 hold 31.6 exp 68.1%
liquid|stop_level/pct|br>40|trail15                  CAGR    1.1% (IS   -2.4 / OOS    5.8)  DD  -43.0%  Sh  0.15  n   419  win 29.4%  PF 1.04 hold 36.4 exp 69.4%
liquid|stop_level/pct|br>40|trail20                  CAGR    4.1% (IS   -3.6 / OOS   15.4)  DD  -39.6%  Sh  0.33  n   272  win 26.1%  PF 1.24 hold 58.4 exp 72.2%
liquid|stop_level/pct|br>40|chand3                   CAGR    2.6% (IS    1.3 / OOS    4.2)  DD  -46.9%  Sh  0.23  n   879  win 36.2%  PF 1.06 hold 16.1 exp 64.2%
liquid+trend|next_open/pct|none|hold20               CAGR    2.0% (IS   -5.0 / OOS   12.0)  DD  -51.1%  Sh  0.20  n  1234  win 44.9%  PF 1.04 hold 15.8 exp 88.4%
liquid+trend|next_open/pct|none|hold40               CAGR    9.2% (IS    6.1 / OOS   12.8)  DD  -41.7%  Sh  0.51  n   788  win 41.0%  PF 1.18 hold 26.0 exp 93.2%
liquid+trend|next_open/pct|none|ema21                CAGR    2.8% (IS    1.1 / OOS    5.0)  DD  -53.6%  Sh  0.24  n  1699  win 27.8%  PF 1.05 hold 11.0 exp 85.2%
liquid+trend|next_open/pct|none|sma50                CAGR   13.7% (IS    4.7 / OOS   27.1)  DD  -48.4%  Sh  0.69  n   771  win 33.5%  PF 1.41 hold 26.6 exp 93.3%
liquid+trend|next_open/pct|none|trail15              CAGR    6.6% (IS    4.7 / OOS    8.7)  DD  -41.3%  Sh  0.41  n   585  win 35.2%  PF 1.19 hold 36.0 exp 95.8%
liquid+trend|next_open/pct|none|trail20              CAGR   12.8% (IS   11.1 / OOS   15.3)  DD  -45.6%  Sh  0.69  n   361  win 30.5%  PF 1.42 hold 58.8 exp 96.5%
liquid+trend|next_open/pct|none|chand3               CAGR   -0.4% (IS   -8.9 / OOS   12.4)  DD  -60.3%  Sh  0.10  n  1230  win 34.6%  PF 0.99 hold 16.3 exp 90.9%
liquid+trend|next_open/pct|br>40|hold20              CAGR    3.0% (IS   -4.2 / OOS   13.4)  DD  -34.1%  Sh  0.26  n   866  win 45.5%  PF 1.08 hold 15.7 exp 61.9%
liquid+trend|next_open/pct|br>40|hold40              CAGR    2.0% (IS   -0.0 / OOS    4.6)  DD  -31.8%  Sh  0.20  n   554  win 38.4%  PF 1.05 hold 26.2 exp 65.9%
liquid+trend|next_open/pct|br>40|ema21               CAGR    7.5% (IS    5.8 / OOS    9.8)  DD  -38.6%  Sh  0.50  n  1208  win 28.5%  PF 1.19 hold 11.0 exp 60.6%
liquid+trend|next_open/pct|br>40|sma50               CAGR   14.0% (IS    4.4 / OOS   28.6)  DD  -36.6%  Sh  0.79  n   534  win 32.8%  PF 1.62 hold 27.4 exp 66.4%
liquid+trend|next_open/pct|br>40|trail15             CAGR    6.5% (IS    3.8 / OOS    9.8)  DD  -31.2%  Sh  0.44  n   444  win 32.9%  PF 1.23 hold 33.9 exp 68.4%
liquid+trend|next_open/pct|br>40|trail20             CAGR   13.5% (IS    6.3 / OOS   23.8)  DD  -27.8%  Sh  0.81  n   252  win 32.5%  PF 1.81 hold 63.5 exp 72.7%
liquid+trend|next_open/pct|br>40|chand3              CAGR    5.2% (IS   -0.9 / OOS   13.8)  DD  -34.5%  Sh  0.36  n   844  win 36.7%  PF 1.14 hold 16.7 exp 64.3%
liquid+trend|stop_level/level|none|hold20            CAGR   -7.8% (IS  -15.6 / OOS    3.8)  DD  -68.0%  Sh -0.29  n  1193  win 42.3%  PF 0.83 hold 15.4 exp 83.4%
liquid+trend|stop_level/level|none|hold40            CAGR   -1.5% (IS   -7.5 / OOS    6.9)  DD  -53.8%  Sh  0.03  n   752  win 39.1%  PF 0.96 hold 26.1 exp 89.1%
liquid+trend|stop_level/level|none|ema21             CAGR    0.2% (IS   -5.6 / OOS    8.7)  DD  -60.2%  Sh  0.11  n  1174  win 31.5%  PF 1.0 hold 15.6 exp 83.2%
liquid+trend|stop_level/level|none|sma50             CAGR    4.1% (IS    0.1 / OOS    9.6)  DD  -47.7%  Sh  0.30  n   648  win 29.9%  PF 1.12 hold 30.3 exp 89.3%
liquid+trend|stop_level/level|none|trail15           CAGR    0.4% (IS   -3.0 / OOS    5.0)  DD  -48.7%  Sh  0.12  n   546  win 28.9%  PF 1.01 hold 36.0 exp 89.5%
liquid+trend|stop_level/level|none|trail20           CAGR    1.8% (IS    2.6 / OOS    0.3)  DD  -45.8%  Sh  0.19  n   352  win 28.4%  PF 1.07 hold 57.7 exp 92.4%
liquid+trend|stop_level/level|none|chand3            CAGR   -4.8% (IS  -11.1 / OOS    4.6)  DD  -63.5%  Sh -0.14  n  1169  win 34.1%  PF 0.89 hold 15.7 exp 83.6%
liquid+trend|stop_level/level|br>40|hold20           CAGR   -1.6% (IS   -3.9 / OOS    0.9)  DD  -40.6%  Sh  0.00  n   878  win 44.9%  PF 0.96 hold 15.5 exp 62.0%
liquid+trend|stop_level/level|br>40|hold40           CAGR   -0.9% (IS   -6.4 / OOS    6.8)  DD  -45.7%  Sh  0.04  n   564  win 38.1%  PF 0.97 hold 25.8 exp 66.1%
liquid+trend|stop_level/level|br>40|ema21            CAGR    5.4% (IS    2.9 / OOS    8.7)  DD  -45.6%  Sh  0.39  n   861  win 34.6%  PF 1.14 hold 16.2 exp 63.3%
liquid+trend|stop_level/level|br>40|sma50            CAGR    7.2% (IS    2.6 / OOS   13.5)  DD  -43.7%  Sh  0.49  n   471  win 31.4%  PF 1.27 hold 31.8 exp 68.1%
liquid+trend|stop_level/level|br>40|trail15          CAGR    0.2% (IS   -3.0 / OOS    4.7)  DD  -40.8%  Sh  0.10  n   416  win 28.1%  PF 1.01 hold 36.4 exp 68.9%
liquid+trend|stop_level/level|br>40|trail20          CAGR    4.6% (IS    0.0 / OOS   10.9)  DD  -33.9%  Sh  0.36  n   253  win 27.7%  PF 1.27 hold 63.1 exp 72.6%
liquid+trend|stop_level/level|br>40|chand3           CAGR    3.3% (IS    2.1 / OOS    4.7)  DD  -44.0%  Sh  0.27  n   862  win 37.0%  PF 1.08 hold 16.3 exp 63.7%
liquid+trend|stop_level/pct|none|hold20              CAGR   -5.0% (IS  -12.9 / OOS    6.6)  DD  -62.3%  Sh -0.15  n  1183  win 43.7%  PF 0.89 hold 15.6 exp 83.8%
liquid+trend|stop_level/pct|none|hold40              CAGR   -2.4% (IS   -8.9 / OOS    7.0)  DD  -56.4%  Sh -0.01  n   758  win 39.2%  PF 0.94 hold 25.8 exp 88.8%
liquid+trend|stop_level/pct|none|ema21               CAGR    0.0% (IS   -5.7 / OOS    8.5)  DD  -60.4%  Sh  0.11  n  1174  win 31.5%  PF 1.0 hold 15.6 exp 83.2%
liquid+trend|stop_level/pct|none|sma50               CAGR    4.3% (IS   -0.4 / OOS   10.8)  DD  -49.1%  Sh  0.31  n   647  win 30.1%  PF 1.13 hold 30.4 exp 89.4%
liquid+trend|stop_level/pct|none|trail15             CAGR   -0.3% (IS   -3.3 / OOS    3.8)  DD  -49.5%  Sh  0.08  n   536  win 28.9%  PF 0.99 hold 36.8 exp 89.7%
liquid+trend|stop_level/pct|none|trail20             CAGR    3.3% (IS    0.7 / OOS    6.8)  DD  -42.5%  Sh  0.27  n   343  win 28.9%  PF 1.13 hold 59.3 exp 92.5%
liquid+trend|stop_level/pct|none|chand3              CAGR   -5.1% (IS  -10.7 / OOS    3.1)  DD  -62.3%  Sh -0.16  n  1166  win 34.0%  PF 0.89 hold 15.8 exp 83.7%
liquid+trend|stop_level/pct|br>40|hold20             CAGR   -3.2% (IS   -6.8 / OOS    1.3)  DD  -47.4%  Sh -0.09  n   879  win 44.6%  PF 0.93 hold 15.6 exp 62.2%
liquid+trend|stop_level/pct|br>40|hold40             CAGR    0.5% (IS   -7.2 / OOS   11.9)  DD  -46.6%  Sh  0.12  n   548  win 39.1%  PF 1.02 hold 26.5 exp 65.9%
liquid+trend|stop_level/pct|br>40|ema21              CAGR    5.2% (IS    2.8 / OOS    8.5)  DD  -45.8%  Sh  0.38  n   861  win 34.6%  PF 1.13 hold 16.2 exp 63.3%
liquid+trend|stop_level/pct|br>40|sma50              CAGR    7.2% (IS    2.5 / OOS   13.7)  DD  -44.0%  Sh  0.49  n   470  win 31.7%  PF 1.28 hold 31.9 exp 68.2%
liquid+trend|stop_level/pct|br>40|trail15            CAGR    0.7% (IS   -3.1 / OOS    5.6)  DD  -43.1%  Sh  0.13  n   411  win 29.2%  PF 1.03 hold 37.0 exp 69.1%
liquid+trend|stop_level/pct|br>40|trail20            CAGR    3.7% (IS   -1.3 / OOS   10.7)  DD  -36.0%  Sh  0.31  n   252  win 26.6%  PF 1.21 hold 63.8 exp 73.1%
liquid+trend|stop_level/pct|br>40|chand3             CAGR    3.1% (IS    2.8 / OOS    3.2)  DD  -42.0%  Sh  0.26  n   859  win 36.8%  PF 1.07 hold 16.3 exp 63.8%
