next_open   10 none         hold20     CAGR   -5.6% (IS  -14.5 / OOS    8.5)  DD  -66.4%  Sh -0.17  n  1179  win 40.1%  PF 0.9 hold 14.9 exp 79.8%
next_open   10 none         hold40     CAGR    0.1% (IS   -6.2 / OOS    9.8)  DD  -53.6%  Sh  0.12  n   770  win 36.6%  PF 1.0 hold 24.9 exp 87.0%
next_open   10 none         trail15    CAGR    1.8% (IS    1.5 / OOS    2.2)  DD  -39.4%  Sh  0.19  n   635  win 31.8%  PF 1.04 hold 30.6 exp 88.4%
next_open   10 none         trail20    CAGR    4.9% (IS    1.1 / OOS   10.4)  DD  -45.4%  Sh  0.35  n   388  win 26.8%  PF 1.19 hold 51.5 exp 90.9%
next_open   10 none         trail25    CAGR    7.8% (IS    9.5 / OOS    5.2)  DD  -40.2%  Sh  0.50  n   227  win 28.6%  PF 1.39 hold 90.6 exp 93.4%
next_open   10 none         sma50x     CAGR    6.0% (IS    0.6 / OOS   13.7)  DD  -53.9%  Sh  0.39  n   592  win 34.3%  PF 1.2 hold 32.9 exp 88.7%
next_open   10 none         sma20x     CAGR    1.7% (IS   -7.1 / OOS   15.4)  DD  -53.5%  Sh  0.19  n  1111  win 34.7%  PF 1.04 hold 16.0 exp 80.6%
next_open   10 none         ema21x     CAGR    3.2% (IS   -2.1 / OOS   10.7)  DD  -47.5%  Sh  0.26  n  1023  win 32.5%  PF 1.06 hold 17.5 exp 81.5%
next_open   10 none         ema21x_h60 CAGR   -0.9% (IS   -6.0 / OOS    6.5)  DD  -47.0%  Sh  0.06  n  1047  win 32.6%  PF 0.98 hold 17.2 exp 81.9%
next_open   10 idx_above_50 hold20     CAGR   -0.6% (IS   -9.0 / OOS   12.5)  DD  -49.0%  Sh  0.06  n   953  win 41.4%  PF 0.99 hold 15.2 exp 65.9%
next_open   10 idx_above_50 hold40     CAGR    1.1% (IS   -9.4 / OOS   17.8)  DD  -56.2%  Sh  0.15  n   625  win 36.0%  PF 1.03 hold 25.4 exp 72.2%
next_open   10 idx_above_50 trail15    CAGR   -0.8% (IS  -10.3 / OOS   14.2)  DD  -53.2%  Sh  0.05  n   550  win 29.5%  PF 0.98 hold 29.1 exp 72.8%
next_open   10 idx_above_50 trail20    CAGR   -0.8% (IS   -9.2 / OOS   12.4)  DD  -54.8%  Sh  0.05  n   359  win 25.6%  PF 0.97 hold 46.6 exp 76.0%
next_open   10 idx_above_50 trail25    CAGR    6.2% (IS    0.7 / OOS   14.3)  DD  -50.2%  Sh  0.42  n   216  win 28.7%  PF 1.41 hold 82.4 exp 80.9%
next_open   10 idx_above_50 sma50x     CAGR    4.7% (IS   -4.2 / OOS   18.4)  DD  -59.5%  Sh  0.34  n   495  win 33.5%  PF 1.18 hold 33.1 exp 74.4%
next_open   10 idx_above_50 sma20x     CAGR    4.2% (IS   -4.8 / OOS   18.3)  DD  -49.2%  Sh  0.31  n   900  win 35.8%  PF 1.1 hold 16.2 exp 66.4%
next_open   10 idx_above_50 ema21x     CAGR    5.6% (IS   -0.0 / OOS   14.1)  DD  -46.9%  Sh  0.39  n   820  win 33.0%  PF 1.13 hold 18.0 exp 67.0%
next_open   10 idx_above_50 ema21x_h60 CAGR    2.5% (IS   -3.0 / OOS   10.9)  DD  -47.9%  Sh  0.23  n   841  win 33.4%  PF 1.06 hold 17.6 exp 67.2%
next_open   20 none         hold20     CAGR   -0.2% (IS   -7.1 / OOS   10.4)  DD  -47.3%  Sh  0.08  n  2090  win 41.1%  PF 1.0 hold 15.1 exp 71.7%
next_open   20 none         hold40     CAGR    2.2% (IS   -5.1 / OOS   13.3)  DD  -50.7%  Sh  0.21  n  1417  win 36.8%  PF 1.05 hold 24.8 exp 80.0%
next_open   20 none         trail15    CAGR    5.1% (IS    2.2 / OOS    9.1)  DD  -37.8%  Sh  0.38  n  1171  win 32.9%  PF 1.13 hold 30.5 exp 81.2%
next_open   20 none         trail20    CAGR    8.7% (IS    4.5 / OOS   14.6)  DD  -39.7%  Sh  0.57  n   735  win 29.9%  PF 1.35 hold 51.1 exp 85.4%
next_open   20 none         trail25    CAGR   14.0% (IS   12.3 / OOS   16.3)  DD  -40.0%  Sh  0.83  n   434  win 31.8%  PF 1.75 hold 91.7 exp 90.5%
next_open   20 none         sma50x     CAGR    7.7% (IS    4.7 / OOS   11.9)  DD  -47.5%  Sh  0.49  n  1094  win 34.5%  PF 1.24 hold 33.2 exp 82.4%
next_open   20 none         sma20x     CAGR    4.1% (IS   -1.6 / OOS   12.7)  DD  -41.8%  Sh  0.31  n  1942  win 35.8%  PF 1.09 hold 16.3 exp 71.8%
next_open   20 none         ema21x     CAGR    5.5% (IS   -0.5 / OOS   14.6)  DD  -38.7%  Sh  0.39  n  1777  win 33.9%  PF 1.13 hold 17.9 exp 72.3%
next_open   20 none         ema21x_h60 CAGR    3.7% (IS   -2.1 / OOS   12.2)  DD  -38.8%  Sh  0.30  n  1810  win 34.3%  PF 1.08 hold 17.7 exp 72.7%
next_open   20 idx_above_50 hold20     CAGR   -1.5% (IS   -4.2 / OOS    2.1)  DD  -38.5%  Sh -0.01  n  1743  win 41.4%  PF 0.97 hold 15.3 exp 60.5%
next_open   20 idx_above_50 hold40     CAGR    0.7% (IS   -5.1 / OOS    9.2)  DD  -50.6%  Sh  0.13  n  1183  win 35.7%  PF 1.02 hold 25.0 exp 67.2%
next_open   20 idx_above_50 trail15    CAGR    3.8% (IS   -0.6 / OOS   10.3)  DD  -38.4%  Sh  0.32  n   991  win 31.5%  PF 1.12 hold 30.5 exp 68.7%
next_open   20 idx_above_50 trail20    CAGR    6.9% (IS   -1.2 / OOS   19.4)  DD  -47.0%  Sh  0.50  n   676  win 28.6%  PF 1.33 hold 48.0 exp 73.7%
next_open   20 idx_above_50 trail25    CAGR   14.3% (IS    9.6 / OOS   21.3)  DD  -50.1%  Sh  0.86  n   394  win 29.7%  PF 2.05 hold 85.9 exp 76.9%
next_open   20 idx_above_50 sma50x     CAGR    9.8% (IS    4.7 / OOS   17.3)  DD  -47.9%  Sh  0.63  n   911  win 35.2%  PF 1.36 hold 34.0 exp 70.5%
next_open   20 idx_above_50 sma20x     CAGR    5.3% (IS    0.7 / OOS   12.1)  DD  -36.5%  Sh  0.40  n  1627  win 36.6%  PF 1.13 hold 16.4 exp 60.5%
next_open   20 idx_above_50 ema21x     CAGR    7.6% (IS    2.6 / OOS   15.0)  DD  -33.7%  Sh  0.53  n  1478  win 34.7%  PF 1.19 hold 18.2 exp 61.0%
next_open   20 idx_above_50 ema21x_h60 CAGR    5.8% (IS    1.3 / OOS   12.5)  DD  -33.4%  Sh  0.44  n  1517  win 34.6%  PF 1.15 hold 17.7 exp 61.1%
limit_close 10 none         hold20     CAGR    6.5% (IS   -1.7 / OOS   19.1)  DD  -50.7%  Sh  0.41  n  1144  win 44.2%  PF 1.13 hold 15.9 exp 82.5%
limit_close 10 none         hold40     CAGR    9.0% (IS   -0.3 / OOS   23.5)  DD  -52.1%  Sh  0.52  n   726  win 40.5%  PF 1.25 hold 27.1 exp 89.4%
limit_close 10 none         trail15    CAGR    9.1% (IS    4.1 / OOS   16.7)  DD  -35.2%  Sh  0.54  n   580  win 35.2%  PF 1.27 hold 34.6 exp 91.2%
limit_close 10 none         trail20    CAGR    8.9% (IS    8.4 / OOS    9.3)  DD  -41.9%  Sh  0.56  n   341  win 28.4%  PF 1.34 hold 60.5 exp 93.8%
limit_close 10 none         trail25    CAGR    8.2% (IS    9.0 / OOS    7.3)  DD  -35.1%  Sh  0.54  n   189  win 32.3%  PF 1.52 hold 110.9 exp 95.3%
limit_close 10 none         sma50x     CAGR   10.2% (IS    4.8 / OOS   18.2)  DD  -46.6%  Sh  0.56  n   620  win 37.1%  PF 1.33 hold 32.1 exp 90.4%
limit_close 10 none         sma20x     CAGR   11.2% (IS   -0.6 / OOS   29.7)  DD  -51.6%  Sh  0.60  n  1144  win 37.7%  PF 1.29 hold 15.9 exp 82.9%
limit_close 10 none         ema21x     CAGR   16.1% (IS    4.8 / OOS   33.5)  DD  -47.1%  Sh  0.79  n  1051  win 35.5%  PF 1.42 hold 17.5 exp 83.8%
limit_close 10 none         ema21x_h60 CAGR   14.2% (IS    4.1 / OOS   29.4)  DD  -47.2%  Sh  0.73  n  1063  win 35.7%  PF 1.37 hold 17.3 exp 83.8%
limit_close 10 idx_above_50 hold20     CAGR    6.0% (IS    0.5 / OOS   14.5)  DD  -43.6%  Sh  0.41  n   921  win 44.3%  PF 1.13 hold 16.2 exp 67.6%
limit_close 10 idx_above_50 hold40     CAGR    4.9% (IS    1.0 / OOS   10.6)  DD  -48.3%  Sh  0.35  n   591  win 39.9%  PF 1.13 hold 27.3 exp 73.3%
limit_close 10 idx_above_50 trail15    CAGR    5.5% (IS   -0.3 / OOS   14.1)  DD  -46.1%  Sh  0.39  n   508  win 35.0%  PF 1.2 hold 32.7 exp 75.4%
limit_close 10 idx_above_50 trail20    CAGR    7.7% (IS    0.5 / OOS   18.7)  DD  -52.7%  Sh  0.51  n   330  win 28.2%  PF 1.41 hold 53.2 exp 79.9%
limit_close 10 idx_above_50 trail25    CAGR    4.5% (IS    1.6 / OOS    8.8)  DD  -45.8%  Sh  0.34  n   212  win 30.2%  PF 1.31 hold 87.7 exp 84.5%
limit_close 10 idx_above_50 sma50x     CAGR   10.1% (IS    5.5 / OOS   17.0)  DD  -51.0%  Sh  0.59  n   499  win 34.7%  PF 1.42 hold 33.0 exp 74.8%
limit_close 10 idx_above_50 sma20x     CAGR    7.8% (IS    2.3 / OOS   16.2)  DD  -46.9%  Sh  0.49  n   934  win 37.6%  PF 1.2 hold 16.0 exp 67.7%
limit_close 10 idx_above_50 ema21x     CAGR    7.3% (IS    6.2 / OOS    8.9)  DD  -42.0%  Sh  0.46  n   865  win 35.5%  PF 1.17 hold 17.5 exp 68.8%
limit_close 10 idx_above_50 ema21x_h60 CAGR    7.3% (IS    6.6 / OOS    8.3)  DD  -42.0%  Sh  0.47  n   871  win 35.9%  PF 1.17 hold 17.4 exp 68.9%
limit_close 20 none         hold20     CAGR    3.1% (IS   -4.8 / OOS   15.2)  DD  -42.6%  Sh  0.26  n  2060  win 42.9%  PF 1.06 hold 15.7 exp 73.5%
limit_close 20 none         hold40     CAGR    9.3% (IS    2.1 / OOS   20.4)  DD  -49.7%  Sh  0.57  n  1344  win 40.4%  PF 1.26 hold 26.8 exp 81.8%
limit_close 20 none         trail15    CAGR    8.0% (IS    1.3 / OOS   17.8)  DD  -33.4%  Sh  0.53  n  1101  win 34.9%  PF 1.26 hold 33.0 exp 82.5%
limit_close 20 none         trail20    CAGR   11.3% (IS    7.3 / OOS   17.1)  DD  -40.0%  Sh  0.71  n   678  win 30.1%  PF 1.48 hold 55.8 exp 86.0%
limit_close 20 none         trail25    CAGR   14.8% (IS   12.9 / OOS   17.6)  DD  -31.3%  Sh  0.87  n   418  win 34.9%  PF 1.84 hold 95.7 exp 90.9%
limit_close 20 none         sma50x     CAGR    9.7% (IS    5.5 / OOS   15.7)  DD  -48.4%  Sh  0.59  n  1115  win 35.8%  PF 1.33 hold 32.5 exp 82.3%
limit_close 20 none         sma20x     CAGR    7.9% (IS   -0.1 / OOS   20.0)  DD  -38.5%  Sh  0.52  n  2014  win 37.3%  PF 1.19 hold 16.0 exp 73.0%
limit_close 20 none         ema21x     CAGR    9.0% (IS    2.9 / OOS   17.8)  DD  -37.4%  Sh  0.57  n  1835  win 34.4%  PF 1.21 hold 17.6 exp 73.4%
limit_close 20 none         ema21x_h60 CAGR    8.9% (IS    4.2 / OOS   15.6)  DD  -35.8%  Sh  0.57  n  1874  win 35.2%  PF 1.21 hold 17.3 exp 73.8%
limit_close 20 idx_above_50 hold20     CAGR    0.6% (IS   -3.4 / OOS    6.3)  DD  -37.1%  Sh  0.12  n  1725  win 42.0%  PF 1.01 hold 15.9 exp 62.2%
limit_close 20 idx_above_50 hold40     CAGR    4.2% (IS   -2.4 / OOS   14.3)  DD  -46.5%  Sh  0.32  n  1139  win 38.7%  PF 1.12 hold 26.6 exp 68.9%
limit_close 20 idx_above_50 trail15    CAGR    5.2% (IS    0.3 / OOS   12.1)  DD  -41.1%  Sh  0.40  n   949  win 33.3%  PF 1.18 hold 32.5 exp 70.1%
limit_close 20 idx_above_50 trail20    CAGR    9.2% (IS    4.4 / OOS   16.3)  DD  -45.0%  Sh  0.63  n   640  win 29.8%  PF 1.45 hold 51.3 exp 74.7%
limit_close 20 idx_above_50 trail25    CAGR   10.8% (IS    7.2 / OOS   16.1)  DD  -42.6%  Sh  0.71  n   371  win 33.4%  PF 1.86 hold 96.3 exp 81.2%
limit_close 20 idx_above_50 sma50x     CAGR   11.6% (IS    7.9 / OOS   17.1)  DD  -46.7%  Sh  0.70  n   939  win 35.1%  PF 1.45 hold 32.9 exp 70.2%
limit_close 20 idx_above_50 sma20x     CAGR    8.4% (IS    3.2 / OOS   16.4)  DD  -32.7%  Sh  0.58  n  1682  win 38.0%  PF 1.21 hold 16.1 exp 61.7%
limit_close 20 idx_above_50 ema21x     CAGR    8.9% (IS    8.3 / OOS    9.8)  DD  -33.8%  Sh  0.60  n  1556  win 35.9%  PF 1.23 hold 17.7 exp 62.5%
limit_close 20 idx_above_50 ema21x_h60 CAGR    7.5% (IS    6.2 / OOS    9.5)  DD  -34.1%  Sh  0.53  n  1585  win 35.9%  PF 1.19 hold 17.3 exp 62.4%
