breadth>200dma by year: {2017: 0.2, 2018: 0.35, 2019: 0.26, 2020: 0.49, 2021: 0.86, 2022: 0.49, 2023: 0.66, 2024: 0.71, 2025: 0.35, 2026: 0.35}
A base (10, ema21x)                      CAGR   16.1% (IS    4.8 / OOS   33.5)  DD  -47.1%  Sh  0.79  n  1051  win 35.5%  PF 1.42 avgR 0.16 hold 17.5 exp 83.8%
A gate=breadth>30                        CAGR   15.3% (IS    7.5 / OOS   26.6)  DD  -42.8%  Sh  0.80  n   914  win 35.3%  PF 1.41 avgR 0.18 hold 17.5 exp 72.6%
A gate=breadth>40                        CAGR   16.5% (IS   11.6 / OOS   23.2)  DD  -26.8%  Sh  0.90  n   783  win 36.1%  PF 1.48 avgR 0.22 hold 17.7 exp 63.0%
A gate=breadth>50                        CAGR   10.9% (IS    4.7 / OOS   19.6)  DD  -28.5%  Sh  0.68  n   646  win 36.1%  PF 1.42 avgR 0.19 hold 17.3 exp 50.7%
A gate=breadth_rising                    CAGR    7.4% (IS    2.9 / OOS   14.1)  DD  -38.1%  Sh  0.49  n   758  win 37.2%  PF 1.22 avgR 0.11 hold 18.5 exp 63.9%
A gate=idx_above_50                      CAGR    7.3% (IS    6.2 / OOS    8.9)  DD  -42.0%  Sh  0.46  n   865  win 35.5%  PF 1.17 avgR 0.11 hold 17.5 exp 68.8%
A stop15                                 CAGR   21.3% (IS   13.1 / OOS   33.5)  DD  -47.6%  Sh  1.01  n  1014  win 37.2%  PF 1.54 avgR 0.14 hold 18.4 exp 84.6%
A 20 slots                               CAGR    9.0% (IS    2.9 / OOS   17.8)  DD  -37.4%  Sh  0.57  n  1835  win 34.4%  PF 1.21 avgR 0.12 hold 17.6 exp 73.4%
A 20 slots stop15                        CAGR   13.5% (IS    8.3 / OOS   21.0)  DD  -35.4%  Sh  0.80  n  1793  win 36.2%  PF 1.32 avgR 0.11 hold 18.3 exp 74.6%
A 20 slots trail25                       CAGR   14.8% (IS   12.9 / OOS   17.6)  DD  -31.3%  Sh  0.87  n   418  win 34.9%  PF 1.84 avgR 0.72 hold 95.7 exp 90.9%
A 20 slots trail25 breadth>40            CAGR   13.3% (IS   11.0 / OOS   16.3)  DD  -30.9%  Sh  0.89  n   313  win 35.1%  PF 2.08 avgR 0.91 hold 103.2 exp 73.4%
sig3 (tsma>=5cr, px>=50): 4900
Q base (10, ema21x)                      CAGR   13.3% (IS    5.9 / OOS   24.4)  DD  -43.4%  Sh  0.71  n   981  win 38.1%  PF 1.38 avgR 0.14 hold 18.0 exp 80.2%
Q 20 slots                               CAGR    6.9% (IS    4.1 / OOS   10.6)  DD  -31.9%  Sh  0.48  n  1717  win 35.6%  PF 1.17 avgR 0.09 hold 17.8 exp 69.5%
Q 20 slots stop15                        CAGR   10.8% (IS    6.0 / OOS   17.7)  DD  -31.8%  Sh  0.69  n  1672  win 36.9%  PF 1.29 avgR 0.09 hold 18.5 exp 70.4%
Q 20 slots trail25                       CAGR   10.5% (IS    7.7 / OOS   14.6)  DD  -39.8%  Sh  0.66  n   425  win 30.8%  PF 1.59 avgR 0.59 hold 91.9 exp 88.7%
Q 20 slots sma50x                        CAGR   10.8% (IS    7.1 / OOS   16.1)  DD  -41.1%  Sh  0.65  n  1036  win 37.5%  PF 1.39 avgR 0.22 hold 33.9 exp 79.9%
Q 10 breadth>40                          CAGR   11.6% (IS   10.1 / OOS   13.3)  DD  -24.8%  Sh  0.70  n   752  win 38.3%  PF 1.34 avgR 0.15 hold 17.9 exp 61.3%
Q 20 breadth>40                          CAGR    9.1% (IS    7.4 / OOS   11.3)  DD  -26.0%  Sh  0.63  n  1362  win 36.4%  PF 1.27 avgR 0.14 hold 17.9 exp 55.6%
Q risk1% 20 slots                        CAGR    8.1% (IS    0.1 / OOS   20.2)  DD  -42.7%  Sh  0.48  n  1006  win 35.8%  PF 1.2 avgR 0.1 hold 18.2 exp 41.7%
      return_pct  trades  win_rate   avg_ret
2017        13.1      17      29.4 -3.309660
2018       -25.4      96      24.0 -1.116517
2019       -24.7      94      28.7 -3.304579
2020        39.0      97      45.4  3.423733
2021        49.0     139      38.1  3.824986
2022        -2.9     134      29.9  0.140590
2023        64.1     106      41.5  4.637133
2024        33.6     138      38.4  3.198138
2025        17.5     135      34.8  0.209414
2026        14.5      95      38.9  3.731362
