signals: 2827 with cap proxy: 1519 per year: {2017: 0, 2018: 69, 2019: 29, 2020: 62, 2021: 326, 2022: 134, 2023: 278, 2024: 384, 2025: 112, 2026: 125}
              is_n  is_r5  is_r20  is_r60  is_win20  oos_n  oos_r5  oos_r20  oos_r60  oos_win20
ALL          620.0   0.47    0.17    5.03      44.0  899.0    0.34     2.11     5.34       48.0
above200     620.0   0.47    0.17    5.03      44.0  898.0    0.34     2.11     5.35       48.0
below200       0.0    NaN     NaN     NaN       NaN    1.0    0.93     2.01    -1.13      100.0
off_hi>-10   485.0   0.23   -0.17    4.83      44.0  743.0    0.42     2.44     5.53       49.0
off_hi<-30     7.0   1.18   -6.67   -7.32      29.0   12.0   -5.52    -2.99    -5.95       33.0
ret20<15     189.0   0.72    2.45    6.14      49.0  322.0    0.93     2.87     6.21       51.0
ret20>=30    161.0  -0.42   -1.57    2.11      36.0  178.0   -0.39     3.10     7.35       46.0
wcmo 21-40   317.0   0.70    0.78    5.60      47.0  488.0    0.61     2.19     5.13       48.0
wcmo>60       52.0  -2.01   -0.86    5.05      37.0   76.0    0.75     3.22     5.06       49.0
mcmo>50      327.0  -0.24   -0.69    5.77      44.0  381.0    0.63     2.54     5.06       48.0
day chg>5    136.0  -0.25   -0.34    3.64      46.0  220.0    0.66     3.62     3.84       47.0
day chg<=2   384.0   0.57    0.50    5.53      44.0  537.0   -0.01     1.87     5.83       49.0
breadth>40   521.0   0.87    0.13    5.05      43.0  787.0    0.24     2.26     5.67       49.0
breadth<=40   99.0  -1.64    0.39    4.89      46.0  112.0    0.98     1.16     3.29       44.0
tsma>=20cr   283.0   0.23   -0.47    3.01      43.0  537.0    0.21     1.75     4.53       47.0
date   2018  2019  2020   2021  2022   2023  2024  2025  2026
r5    -1.52 -2.17 -1.65   1.75 -0.05   1.01  0.40 -0.37 -0.89
r20   -6.90 -0.81  0.36   3.34 -3.77   5.17  0.89  1.20 -1.24
r60  -11.16 -0.29  9.98  10.89 -2.04  11.84  2.85 -4.23  7.68
next_open|none|state(wcmo>21)                CAGR    9.0% (IS   -1.7 / OOS   24.5)  DD  -52.1%  Sh  0.50  n  486  win 33.7%  PF 1.32 avg 2.53 hold 31.1 exp 70.3%
next_open|none|hold20                        CAGR   -3.7% (IS  -10.0 / OOS    5.2)  DD  -46.9%  Sh -0.11  n  691  win 41.8%  PF 0.9 avg -0.28 hold 17.5 exp 56.4%
next_open|none|hold40                        CAGR   18.2% (IS   -7.0 / OOS   62.4)  DD  -80.4%  Sh  0.51  n  498  win 41.4%  PF 2.12 avg 8.2 hold 30.6 exp 70.9%
next_open|none|ema21                         CAGR    3.5% (IS   -3.0 / OOS   12.4)  DD  -40.0%  Sh  0.27  n  692  win 32.4%  PF 1.1 avg 0.92 hold 17.2 exp 55.5%
next_open|none|sma50                         CAGR    7.5% (IS    2.2 / OOS   14.4)  DD  -43.7%  Sh  0.45  n  445  win 33.0%  PF 1.23 avg 2.86 hold 34.7 exp 72.0%
next_open|none|trail15                       CAGR   -4.6% (IS   -3.4 / OOS   -6.5)  DD  -53.3%  Sh -0.16  n  528  win 32.0%  PF 0.88 avg -0.49 hold 29.2 exp 71.7%
next_open|none|trail20                       CAGR    5.7% (IS    5.6 / OOS    5.3)  DD  -42.7%  Sh  0.38  n  311  win 36.7%  PF 1.22 avg 3.21 hold 55.7 exp 80.7%
next_open|br>40|state(wcmo>21)               CAGR   10.6% (IS    1.7 / OOS   23.2)  DD  -36.6%  Sh  0.61  n  354  win 35.6%  PF 1.47 avg 3.77 hold 32.5 exp 53.5%
next_open|br>40|hold20                       CAGR   -4.0% (IS   -8.5 / OOS    2.2)  DD  -47.0%  Sh -0.16  n  519  win 41.0%  PF 0.87 avg -0.46 hold 17.5 exp 42.3%
next_open|br>40|hold40                       CAGR   -3.6% (IS   -5.2 / OOS   -2.0)  DD  -37.8%  Sh -0.10  n  370  win 40.3%  PF 0.88 avg -0.46 hold 30.0 exp 51.6%
next_open|br>40|ema21                        CAGR    3.6% (IS   -0.8 / OOS    9.4)  DD  -36.9%  Sh  0.29  n  518  win 33.0%  PF 1.12 avg 1.14 hold 17.5 exp 42.1%
next_open|br>40|sma50                        CAGR    7.5% (IS    0.8 / OOS   16.5)  DD  -31.5%  Sh  0.49  n  330  win 35.2%  PF 1.33 avg 3.15 hold 34.3 exp 52.7%
next_open|br>40|trail15                      CAGR   -2.1% (IS   -7.0 / OOS    4.5)  DD  -43.8%  Sh -0.04  n  423  win 33.3%  PF 0.93 avg 0.08 hold 25.1 exp 49.4%
next_open|br>40|trail20                      CAGR    5.9% (IS   -3.4 / OOS   19.3)  DD  -37.8%  Sh  0.42  n  252  win 36.1%  PF 1.32 avg 3.37 hold 48.5 exp 57.0%
limit_close|none|state(wcmo>21)              CAGR    4.8% (IS   -2.8 / OOS   15.5)  DD  -50.4%  Sh  0.33  n  497  win 32.0%  PF 1.16 avg 1.82 hold 29.8 exp 69.1%
limit_close|none|hold20                      CAGR   -2.1% (IS   -9.8 / OOS    9.4)  DD  -47.0%  Sh -0.01  n  707  win 43.8%  PF 0.95 avg 0.01 hold 17.7 exp 58.4%
limit_close|none|hold40                      CAGR   -6.0% (IS  -12.3 / OOS    2.8)  DD  -56.6%  Sh -0.18  n  505  win 39.6%  PF 0.83 avg -0.67 hold 30.9 exp 72.6%
limit_close|none|ema21                       CAGR    3.8% (IS   -4.3 / OOS   15.6)  DD  -37.8%  Sh  0.29  n  707  win 31.8%  PF 1.11 avg 0.87 hold 16.7 exp 55.1%
limit_close|none|sma50                       CAGR    4.6% (IS    4.7 / OOS    4.0)  DD  -42.1%  Sh  0.32  n  471  win 33.1%  PF 1.14 avg 1.55 hold 33.0 exp 72.4%
limit_close|none|trail15                     CAGR   -2.5% (IS   -6.5 / OOS    3.0)  DD  -47.6%  Sh -0.04  n  529  win 30.8%  PF 0.93 avg 0.24 hold 29.9 exp 73.8%
limit_close|none|trail20                     CAGR    3.9% (IS    2.3 / OOS    5.8)  DD  -41.5%  Sh  0.29  n  323  win 34.1%  PF 1.14 avg 2.28 hold 54.0 exp 81.2%
limit_close|br>40|state(wcmo>21)             CAGR    6.9% (IS   -0.3 / OOS   16.9)  DD  -31.7%  Sh  0.45  n  354  win 33.3%  PF 1.31 avg 3.2 hold 31.7 exp 52.3%
limit_close|br>40|hold20                     CAGR   -1.5% (IS   -7.5 / OOS    7.3)  DD  -40.5%  Sh  0.00  n  539  win 43.4%  PF 0.95 avg 0.06 hold 17.7 exp 44.5%
limit_close|br>40|hold40                     CAGR   -4.5% (IS  -10.4 / OOS    3.5)  DD  -51.5%  Sh -0.15  n  377  win 39.8%  PF 0.84 avg -0.59 hold 30.5 exp 53.5%
limit_close|br>40|ema21                      CAGR    4.2% (IS   -2.8 / OOS   14.1)  DD  -29.6%  Sh  0.33  n  535  win 33.8%  PF 1.16 avg 1.15 hold 17.0 exp 42.3%
limit_close|br>40|sma50                      CAGR    6.6% (IS    1.8 / OOS   12.9)  DD  -35.9%  Sh  0.44  n  343  win 32.9%  PF 1.28 avg 2.5 hold 33.3 exp 53.2%
limit_close|br>40|trail15                    CAGR   -1.6% (IS   -7.7 / OOS    7.3)  DD  -42.0%  Sh -0.01  n  416  win 31.5%  PF 0.94 avg 0.12 hold 26.9 exp 52.2%
limit_close|br>40|trail20                    CAGR    7.3% (IS   -3.4 / OOS   23.1)  DD  -38.7%  Sh  0.48  n  250  win 34.8%  PF 1.37 avg 4.69 hold 50.4 exp 58.7%
next_open|none|sma50|stop10                  CAGR    1.9% (IS   -0.4 / OOS    4.4)  DD  -39.5%  Sh  0.19  n  513  win 28.8%  PF 1.05 avg 0.8 hold 28.4 exp 67.8%
next_open|br>40|trail20|stop10               CAGR    4.2% (IS   -4.3 / OOS   16.4)  DD  -42.8%  Sh  0.29  n  319  win 27.6%  PF 1.19 avg 2.23 hold 35.7 exp 53.0%
next_open|none|sma50|stop20                  CAGR   11.5% (IS    5.4 / OOS   19.7)  DD  -43.6%  Sh  0.61  n  423  win 34.3%  PF 1.39 avg 3.42 hold 37.0 exp 72.8%
next_open|br>40|trail20|stop20               CAGR    4.7% (IS   -3.1 / OOS   15.4)  DD  -38.6%  Sh  0.35  n  225  win 36.0%  PF 1.25 avg 3.56 hold 55.7 exp 58.4%
next_open|none|sma50|stop30                  CAGR   11.9% (IS    5.7 / OOS   20.1)  DD  -44.5%  Sh  0.63  n  420  win 34.8%  PF 1.41 avg 3.66 hold 37.4 exp 73.2%
next_open|br>40|trail20|stop30               CAGR    4.7% (IS   -3.1 / OOS   15.4)  DD  -38.6%  Sh  0.35  n  225  win 36.0%  PF 1.25 avg 3.56 hold 55.7 exp 58.4%
